// Jest Snapshot v1, https://goo.gl/fbAQLP

exports[`object assignment with jest snapshot 1`] = `
Object {
  "one": 1,
  "two": 2,
}
`;

exports[`object assignment with jest snapshot-diff 1`] = `
"Snapshot Diff:
- First value
+ Second value

  Object {
-   \\"one\\": 1,
+   \\"one\\": 2,
    \\"two\\": 2,
  }"
`;
